# CVS $Revision: 1.2 $ $Author: tir-gwaith $ -- Wed Aug  6 19:18:34 2003 -- reformated by prettylst.pl v1.29 (build 294)
SOURCELONG:Relics and Rituals|SOURCESHORT:RelicRitual|SOURCEWEB:http://www.swordsorcery.com

###Block: Rods
# Equipment Name		Product Identity?	Output Name				Type			Cost		Weight	Source Page
Iron Scepter of Hedrada	NAMEISPI:YES						TYPE:Magic.Rod	COST:112000	WT:5		SOURCEPAGE:p.171
Rod (Proteus)		NAMEISPI:YES	OUTPUTNAME:[NAME] Rod		TYPE:Magic.Rod	COST:81000	WT:5		SOURCEPAGE:p.171
Rod (Blasphemy)		NAMEISPI:YES	OUTPUTNAME:Rod of [NAME]	TYPE:Magic.Rod	COST:43305	WT:5		SOURCEPAGE:p.171-172
Rod (Blessed Rest)	NAMEISPI:YES	OUTPUTNAME:Rod of [NAME]	TYPE:Magic.Rod	COST:110000	WT:5		SOURCEPAGE:p.172

###Block:Staffs
# Equipment Name		Product Identity?	Output Name				Required Proficiency		Type									Cost		Weight	Critical Hit Multiplier	Critical Hit Range	Damage	Size		Source Page			Weapon prop. bonus
Staff (Divine Flame)	NAMEISPI:YES	OUTPUTNAME:Staff of [NAME]	PROFICIENCY:Quarterstaff	TYPE:Magic.Staff.Weapon.Simple.Melee.Bludgeoning	COST:75600	WT:5		CRITMULT:x2			CRITRANGE:1			DAMAGE:1d6	SIZE:L	SOURCEPAGE:p.172		BONUS:WEAPON|DAMAGE,TOHIT|2
Staff (Gaurak)		NAMEISPI:YES	OUTPUTNAME:Staff of [NAME]	PROFICIENCY:Quarterstaff	TYPE:Magic.Staff.Weapon.Simple.Melee.Bludgeoning	COST:105600	WT:5		CRITMULT:x2			CRITRANGE:1			DAMAGE:1d6	SIZE:L	SOURCEPAGE:p.172-173	BONUS:WEAPON|DAMAGE,TOHIT|1
Staff (Hornsaw Wood)	NAMEISPI:YES	OUTPUTNAME:Staff of [NAME]	PROFICIENCY:Quarterstaff	TYPE:Magic.Staff.Weapon.Simple.Melee.Bludgeoning	COST:70600	WT:5		CRITMULT:x2			CRITRANGE:1			DAMAGE:1d6	SIZE:L	SOURCEPAGE:p.173		BONUS:WEAPON|DAMAGE,TOHIT|2
Staff (Spirits)		NAMEISPI:YES	OUTPUTNAME:Staff of [NAME]	PROFICIENCY:Quarterstaff	TYPE:Magic.Staff.Weapon.Simple.Melee.Bludgeoning	COST:18600	WT:5		CRITMULT:x2			CRITRANGE:1			DAMAGE:1d6	SIZE:L	SOURCEPAGE:p.173		BONUS:WEAPON|DAMAGE,TOHIT|1
Staff (The Wayfarer)	NAMEISPI:YES	OUTPUTNAME:Staff of [NAME]	PROFICIENCY:Quarterstaff	TYPE:Magic.Staff.Weapon.Simple.Melee.Bludgeoning	COST:82600	WT:5		CRITMULT:x2			CRITRANGE:1			DAMAGE:1d6	SIZE:L	SOURCEPAGE:p.173-174	BONUS:WEAPON|DAMAGE,TOHIT|2
